// Jest Snapshot v1, https://goo.gl/fbAQLP

exports[`Functional Testing Snapshot Testing 1`] = `
<footer>
  <div>
    <hr />
    Â© Developer Funnels
  </div>
</footer>
`;
